13:29:13  ============================================================================================================================================
13:29:13    EXPERIMENT 5: RECALL-FOCUSED LOSS FUNCTION STUDY
13:29:13    Run ID:          20260813_132913
13:29:13    Device:          cpu
13:29:13    Seeds:           [42, 123, 456]
13:29:13    Features:        Config I (9 features, exclude creatinine)
13:29:13    Preprocessing:   Strategy B (causal ffill + median + mask + delta)
13:29:13    Architecture:    SepsisTransformer (d_model=64, nhead=4, layers=2)
13:29:13    Loss configs:    ['baseline', 'wbce_2', 'wbce_5', 'wbce_10', 'focal_g2']
13:29:13    Recall targets:  [0.5, 0.7, 0.8, 0.85, 0.9]
13:29:13    Lead-time hrs:   [3, 6, 12]
13:29:13  ============================================================================================================================================
13:29:13  
Loading PhysioNet data...
13:29:23    14057 episodes loaded
13:29:23  
Splitting (patient-level, seed=42)...
13:29:23    train: 9839 patients (867 septic), 382,661 timesteps
13:29:23    val  : 2109 patients (186 septic), 82,478 timesteps
13:29:23    test : 2109 patients (186 septic), 80,983 timesteps
13:29:23  
============================================================================================================================================
13:29:23    PHASE 0: THRESHOLD SWEEP ON CURRENT BEST MODEL (Config I, auto pos_weight)
13:29:23  ============================================================================================================================================
13:29:44    Auto pos_weight (class ratio): 45.1
13:29:44    Loading existing checkpoint: results\feature_ablation\20260808_135533\experiments\I_all_minus_creatinine\checkpoints\best_model.pt
13:29:44    Collecting test-set predictions...
13:29:45  
============================================================================================================================================
13:29:45    THRESHOLD SWEEP  (reference: AUROC=0.8174, AUPRC=0.1398)
13:29:45  ============================================================================================================================================
13:29:45           Label | Thresh | TS_Rec | Pt_Rec |   Prec |   Spec |     F1 |    FPR | Cap3h | Cap6h | Cap12h | FAlrt/d | MedLead
13:29:45    ---------------------------------------------------------------------------------------------------------------------------------------
13:29:45         best_F1 |  0.890 |  0.271 |  0.054 |  0.200 |  0.976 |  0.230 |  0.024 | 0.016 | 0.016 |  0.016 |    0.71 |  -37.5h
13:29:45     recall_0.50 |  0.625 |  0.502 |  0.333 |  0.099 |  0.898 |  0.166 |  0.102 | 0.237 | 0.220 |  0.199 |    2.61 |   19.0h
13:29:45     recall_0.70 |  0.430 |  0.701 |  0.581 |  0.069 |  0.788 |  0.125 |  0.212 | 0.489 | 0.468 |  0.398 |    5.28 |   24.5h
13:29:45     recall_0.80 |  0.300 |  0.796 |  0.731 |  0.053 |  0.679 |  0.099 |  0.321 | 0.672 | 0.618 |  0.495 |    7.87 |   27.0h
13:29:45     recall_0.85 |  0.220 |  0.849 |  0.903 |  0.043 |  0.576 |  0.082 |  0.424 | 0.887 | 0.882 |  0.667 |   10.32 |   32.5h
13:29:45     recall_0.90 |  0.155 |  0.900 |  0.935 |  0.037 |  0.477 |  0.071 |  0.523 | 0.925 | 0.914 |  0.694 |   12.64 |   33.5h
13:29:46  
  Phase 0 artifacts saved to results/experiment5_recall\20260813_132913\phase0_sweep/
13:29:46  
============================================================================================================================================
13:29:46    PHASE 1: LOSS FUNCTION STUDY
13:29:46  ============================================================================================================================================
13:29:50    Auto pos_weight (class ratio): 45.1
13:29:50    Note: Phase 0 model used pos_weight=45.1. Phase 1 'baseline' uses pos_weight=None.
13:29:50  
  ==============================================================================================================
13:29:50    Loss: baseline — Standard BCE, no class weighting
13:29:50    ==============================================================================================================
13:29:50  
    Seed 42:
13:42:59        AUROC=0.8163  AUPRC=0.1330  F1_thresh=0.080  epoch=11
13:42:59        @best_F1: ts_rec=0.311  pt_rec=0.086  prec=0.151  F1=0.204  alerts/d=1.06  med_lead=-32.5
13:42:59  
    Seed 123:
13:56:28        AUROC=0.8095  AUPRC=0.1402  F1_thresh=0.145  epoch=11
13:56:28        @best_F1: ts_rec=0.263  pt_rec=0.054  prec=0.189  F1=0.220  alerts/d=0.70  med_lead=-20.0
13:56:28  
    Seed 456:
14:07:12        AUROC=0.8189  AUPRC=0.1446  F1_thresh=0.140  epoch=8
14:07:12        @best_F1: ts_rec=0.266  pt_rec=0.054  prec=0.208  F1=0.234  alerts/d=0.66  med_lead=-13.5
14:07:12  
  ==============================================================================================================
14:07:12    Loss: wbce_2 — BCE with pos_weight=2
14:07:12    ==============================================================================================================
14:07:12  
    Seed 42:
14:17:45        AUROC=0.8164  AUPRC=0.1353  F1_thresh=0.145  epoch=11
14:17:45        @best_F1: ts_rec=0.312  pt_rec=0.102  prec=0.148  F1=0.201  alerts/d=1.08  med_lead=-29.0
14:17:45  
    Seed 123:
14:26:04        AUROC=0.8160  AUPRC=0.1480  F1_thresh=0.165  epoch=7
14:26:04        @best_F1: ts_rec=0.261  pt_rec=0.065  prec=0.204  F1=0.229  alerts/d=0.66  med_lead=-36.5
14:26:04  
    Seed 456:
14:37:07        AUROC=0.8174  AUPRC=0.1476  F1_thresh=0.265  epoch=8
14:37:07        @best_F1: ts_rec=0.256  pt_rec=0.048  prec=0.222  F1=0.238  alerts/d=0.60  med_lead=-29.0
14:37:07  
  ==============================================================================================================
14:37:07    Loss: wbce_5 — BCE with pos_weight=5
14:37:07    ==============================================================================================================
14:37:07  
    Seed 42:
14:45:56        AUROC=0.8121  AUPRC=0.1354  F1_thresh=0.295  epoch=5
14:45:56        @best_F1: ts_rec=0.264  pt_rec=0.059  prec=0.183  F1=0.216  alerts/d=0.74  med_lead=-29.0
14:45:56  
    Seed 123:
14:56:19        AUROC=0.8149  AUPRC=0.1517  F1_thresh=0.345  epoch=7
14:56:19        @best_F1: ts_rec=0.260  pt_rec=0.059  prec=0.198  F1=0.225  alerts/d=0.67  med_lead=-36.0
14:56:19  
    Seed 456:
15:08:49        AUROC=0.8119  AUPRC=0.1303  F1_thresh=0.330  epoch=10
15:08:49        @best_F1: ts_rec=0.262  pt_rec=0.048  prec=0.189  F1=0.219  alerts/d=0.72  med_lead=-29.0
15:08:49  
  ==============================================================================================================
15:08:49    Loss: wbce_10 — BCE with pos_weight=10
15:08:49    ==============================================================================================================
15:08:49  
    Seed 42:
15:15:59        AUROC=0.8207  AUPRC=0.1459  F1_thresh=0.645  epoch=3
15:15:59        @best_F1: ts_rec=0.264  pt_rec=0.065  prec=0.205  F1=0.231  alerts/d=0.64  med_lead=-32.5
15:15:59  
    Seed 123:
15:26:17        AUROC=0.8105  AUPRC=0.1559  F1_thresh=0.515  epoch=7
15:26:17        @best_F1: ts_rec=0.255  pt_rec=0.054  prec=0.214  F1=0.233  alerts/d=0.63  med_lead=-24.5
15:26:17  
    Seed 456:
15:38:23        AUROC=0.8147  AUPRC=0.1291  F1_thresh=0.535  epoch=10
15:38:23        @best_F1: ts_rec=0.293  pt_rec=0.054  prec=0.190  F1=0.230  alerts/d=0.81  med_lead=-30.0
15:38:23  
  ==============================================================================================================
15:38:23    Loss: focal_g2 — Focal loss (gamma=2, alpha=0.25)
15:38:23    ==============================================================================================================
15:38:23  
    Seed 42:
15:46:19        AUROC=0.8244  AUPRC=0.1484  F1_thresh=0.235  epoch=4
15:46:19        @best_F1: ts_rec=0.225  pt_rec=0.048  prec=0.227  F1=0.226  alerts/d=0.51  med_lead=-39.0
15:46:19  
    Seed 123:
15:54:15        AUROC=0.8129  AUPRC=0.1283  F1_thresh=0.240  epoch=4
15:54:15        @best_F1: ts_rec=0.297  pt_rec=0.065  prec=0.178  F1=0.222  alerts/d=0.85  med_lead=-26.0
15:54:15  
    Seed 456:
16:04:59        AUROC=0.8154  AUPRC=0.1445  F1_thresh=0.255  epoch=8
16:04:59        @best_F1: ts_rec=0.294  pt_rec=0.054  prec=0.184  F1=0.226  alerts/d=0.83  med_lead=-37.0
16:04:59  

============================================================================================================================================
16:04:59    EXPERIMENT 5: FINAL SUMMARY
16:04:59  ============================================================================================================================================
16:04:59  
  TABLE 1: Loss Function Comparison at Best-F1 Threshold (mean ± std across seeds)
16:04:59    -------------------------------------------------------------------------------------------------------------------------------------------------
16:04:59            Loss |          AUROC |          AUPRC |             F1 |      TS_Recall |      Pt_Recall |           Prec |       Alerts/d |   MedLead
16:04:59    -------------------------------------------------------------------------------------------------------------------------------------------------
16:04:59        baseline |  0.8149±0.0040 |  0.1393±0.0048 |  0.2190±0.0122 |  0.2802±0.0220 |  0.0645±0.0152 |  0.1827±0.0236 |  0.8080±0.1760 |    -22.0h
16:04:59          wbce_2 |  0.8166±0.0006 |  0.1436±0.0059 |  0.2226±0.0158 |  0.2764±0.0250 |  0.0717±0.0225 |  0.1913±0.0314 |  0.7819±0.2151 |    -31.5h
16:04:59          wbce_5 |  0.8130±0.0014 |  0.1391±0.0091 |  0.2200±0.0037 |  0.2619±0.0016 |  0.0556±0.0051 |  0.1898±0.0064 |  0.7106±0.0287 |    -31.3h
16:04:59         wbce_10 |  0.8153±0.0042 |  0.1436±0.0111 |  0.2314±0.0011 |  0.2710±0.0161 |  0.0573±0.0051 |  0.2029±0.0101 |  0.6917±0.0812 |    -29.0h
16:04:59        focal_g2 |  0.8176±0.0049 |  0.1404±0.0087 |  0.2248±0.0017 |  0.2719±0.0332 |  0.0556±0.0067 |  0.1962±0.0222 |  0.7318±0.1557 |    -34.0h
16:04:59  

  TABLE 2: Recall-Targeted Comparison (each model's own threshold, mean across seeds)
16:04:59    -------------------------------------------------------------------------------------------------------------------------------------------------
16:04:59            Loss | Thresh | TS_Rec | Pt_Rec |   Prec |   Spec |     F1 | Cap3h | Cap6h | Cap12h | FAlrt/d | MedLead
16:04:59        baseline |  0.035 |  0.512 |  0.319 |  0.099 |  0.895 |  0.165 | 0.210 | 0.194 |  0.170 |    2.70 |   14.8h
16:04:59          wbce_2 |  0.072 |  0.508 |  0.314 |  0.101 |  0.899 |  0.169 | 0.219 | 0.203 |  0.176 |    2.62 |   15.7h
16:04:59          wbce_5 |  0.148 |  0.500 |  0.324 |  0.097 |  0.895 |  0.162 | 0.208 | 0.192 |  0.168 |    2.70 |   11.8h
16:04:59         wbce_10 |  0.278 |  0.501 |  0.326 |  0.095 |  0.893 |  0.159 | 0.215 | 0.201 |  0.168 |    2.74 |   12.8h
16:04:59        focal_g2 |  0.150 |  0.503 |  0.305 |  0.101 |  0.900 |  0.169 | 0.192 | 0.185 |  0.154 |    2.57 |   12.2h
16:04:59            Loss | Thresh | TS_Rec | Pt_Rec |   Prec |   Spec |     F1 | Cap3h | Cap6h | Cap12h | FAlrt/d | MedLead
16:04:59        baseline |  0.017 |  0.698 |  0.581 |  0.066 |  0.778 |  0.120 | 0.480 | 0.453 |  0.380 |    5.53 |   24.7h
16:04:59          wbce_2 |  0.038 |  0.703 |  0.566 |  0.067 |  0.780 |  0.122 | 0.468 | 0.434 |  0.375 |    5.50 |   25.2h
16:04:59          wbce_5 |  0.092 |  0.703 |  0.579 |  0.067 |  0.782 |  0.123 | 0.482 | 0.450 |  0.375 |    5.45 |   25.3h
16:04:59         wbce_10 |  0.172 |  0.700 |  0.559 |  0.066 |  0.779 |  0.121 | 0.471 | 0.441 |  0.373 |    5.50 |   25.7h
16:04:59        focal_g2 |  0.118 |  0.710 |  0.593 |  0.064 |  0.768 |  0.118 | 0.496 | 0.470 |  0.391 |    5.75 |   25.5h
16:04:59            Loss | Thresh | TS_Rec | Pt_Rec |   Prec |   Spec |     F1 | Cap3h | Cap6h | Cap12h | FAlrt/d | MedLead
16:04:59        baseline |  0.012 |  0.786 |  0.695 |  0.054 |  0.687 |  0.101 | 0.609 | 0.565 |  0.475 |    7.69 |   28.5h
16:04:59          wbce_2 |  0.027 |  0.794 |  0.724 |  0.053 |  0.685 |  0.100 | 0.633 | 0.581 |  0.486 |    7.74 |   27.2h
16:04:59          wbce_5 |  0.063 |  0.798 |  0.760 |  0.050 |  0.663 |  0.095 | 0.685 | 0.627 |  0.505 |    8.27 |   24.7h
16:04:59         wbce_10 |  0.122 |  0.802 |  0.733 |  0.052 |  0.671 |  0.097 | 0.659 | 0.604 |  0.484 |    8.07 |   25.8h
16:04:59        focal_g2 |  0.107 |  0.797 |  0.794 |  0.051 |  0.665 |  0.095 | 0.708 | 0.652 |  0.525 |    8.22 |   27.3h
16:04:59            Loss | Thresh | TS_Rec | Pt_Rec |   Prec |   Spec |     F1 | Cap3h | Cap6h | Cap12h | FAlrt/d | MedLead
16:04:59        baseline |  0.008 |  0.850 |  0.839 |  0.044 |  0.576 |  0.083 | 0.781 | 0.731 |  0.584 |   10.33 |   30.7h
16:04:59          wbce_2 |  0.020 |  0.846 |  0.814 |  0.045 |  0.598 |  0.086 | 0.747 | 0.670 |  0.545 |    9.79 |   27.8h
16:04:59          wbce_5 |  0.052 |  0.849 |  0.869 |  0.044 |  0.582 |  0.083 | 0.821 | 0.771 |  0.600 |   10.19 |   27.7h
16:04:59         wbce_10 |  0.097 |  0.848 |  0.851 |  0.044 |  0.592 |  0.085 | 0.790 | 0.744 |  0.586 |    9.96 |   28.3h
16:04:59        focal_g2 |  0.100 |  0.852 |  0.873 |  0.044 |  0.584 |  0.084 | 0.812 | 0.728 |  0.599 |   10.13 |   29.8h
16:04:59            Loss | Thresh | TS_Rec | Pt_Rec |   Prec |   Spec |     F1 | Cap3h | Cap6h | Cap12h | FAlrt/d | MedLead
16:04:59        baseline |  0.007 |  0.897 |  0.907 |  0.038 |  0.478 |  0.073 | 0.871 | 0.839 |  0.654 |   12.65 |   31.3h
16:04:59          wbce_2 |  0.015 |  0.894 |  0.912 |  0.038 |  0.488 |  0.072 | 0.871 | 0.817 |  0.636 |   12.43 |   31.0h
16:04:59          wbce_5 |  0.042 |  0.896 |  0.948 |  0.037 |  0.478 |  0.071 | 0.941 | 0.923 |  0.701 |   12.67 |   32.2h
16:04:59         wbce_10 |  0.073 |  0.899 |  0.934 |  0.037 |  0.481 |  0.072 | 0.903 | 0.871 |  0.670 |   12.58 |   31.5h
16:04:59        focal_g2 |  0.093 |  0.907 |  0.953 |  0.037 |  0.473 |  0.071 | 0.930 | 0.887 |  0.699 |   12.78 |   33.2h
16:04:59  

============================================================================================================================================
16:04:59    ANSWERS TO PRIMARY QUESTIONS
16:04:59  ============================================================================================================================================
16:04:59  
  1. BEST MODEL FOR MAXIMUM RECALL
     wbce_2: patient recall = 0.072 at best-F1 threshold
     (Higher recall achievable by lowering threshold — see Table 2)

16:04:59    2. BEST MODEL FOR CLINICALLY REASONABLE RECALL/PRECISION TRADEOFF
16:04:59             wbce_2:  pt_recall=0.072  precision=0.191  alerts/day=0.78  AUROC=0.8166
16:04:59           baseline:  pt_recall=0.065  precision=0.183  alerts/day=0.81  AUROC=0.8149
16:04:59            wbce_10:  pt_recall=0.057  precision=0.203  alerts/day=0.69  AUROC=0.8153
16:04:59             wbce_5:  pt_recall=0.056  precision=0.190  alerts/day=0.71  AUROC=0.8130
16:04:59           focal_g2:  pt_recall=0.056  precision=0.196  alerts/day=0.73  AUROC=0.8176
16:04:59  
16:04:59    3. DID LOSS REWEIGHTING IMPROVE DISCRIMINATION OR MERELY CHANGE CALIBRATION?
16:04:59       AUROC and AUPRC measure discrimination (threshold-independent).
16:04:59  
16:04:59    4. IS PATIENT-LEVEL RECALL SUBSTANTIALLY BETTER THAN TIMESTEP-LEVEL RECALL?
16:04:59           baseline:  ts_recall=0.280  pt_recall=0.065  gap=-0.216
16:04:59             wbce_2:  ts_recall=0.276  pt_recall=0.072  gap=-0.205
16:04:59             wbce_5:  ts_recall=0.262  pt_recall=0.056  gap=-0.206
16:04:59            wbce_10:  ts_recall=0.271  pt_recall=0.057  gap=-0.214
16:04:59           focal_g2:  ts_recall=0.272  pt_recall=0.056  gap=-0.216
16:04:59  
16:04:59    5. IS LABEL SPREADING STILL SCIENTIFICALLY JUSTIFIED?
16:04:59       The CinC 2019 labels already include a 6h pre-onset window.
16:04:59  
16:04:59       Phase 0 model at best-F1: 6h capture=1.6%, 12h capture=1.6%
16:04:59         6h window before extending it. Label spreading is not yet justified.
16:04:59  
16:04:59    Summary saved to results/experiment5_recall\20260813_132913\summary/
16:04:59  
  All results saved to results/experiment5_recall\20260813_132913/
16:04:59    Done.
